reemapal@reemapal-VirtualBox:~$ mkdir Intern_Batch
reemapal@reemapal-VirtualBox:~$ cd Intern_Batch/
reemapal@reemapal-VirtualBox:~/Intern_Batch$ ls
reemapal@reemapal-VirtualBox:~/Intern_Batch$ git init
Initialized empty Git repository in /home/reemapal/Intern_Batch/.git/
reemapal@reemapal-VirtualBox:~/Intern_Batch$ ls -a
.  ..  .git
reemapal@reemapal-VirtualBox:~/Intern_Batch$ git status
On branch master

No commits yet

nothing to commit (create/copy files and use "git add" to track)
reemapal@reemapal-VirtualBox:~/Intern_Batch$ touch Git_Doc
reemapal@reemapal-VirtualBox:~/Intern_Batch$ git status
On branch master

No commits yet

Untracked files:
  (use "git add <file>..." to include in what will be committed)
	Git_Doc

nothing added to commit but untracked files present (use "git add" to track)
reemapal@reemapal-VirtualBox:~/Intern_Batch$ git add .
reemapal@reemapal-VirtualBox:~/Intern_Batch$ git status
On branch master

No commits yet

Changes to be committed:
  (use "git rm --cached <file>..." to unstage)
	new file:   Git_Doc

reemapal@reemapal-VirtualBox:~/Intern_Batch$ git commit -m "Test to Upload the file on Git"
[master (root-commit) ed0b432] Test to Upload the file on Git
 1 file changed, 0 insertions(+), 0 deletions(-)
 create mode 100644 Git_Doc
reemapal@reemapal-VirtualBox:~/Intern_Batch$ git status
On branch master
nothing to commit, working tree clean
reemapal@reemapal-VirtualBox:~/Intern_Batch$ git branch
* master
reemapal@reemapal-VirtualBox:~/Intern_Batch$ git remote add origin https://github.com/reemapal/Feb_Inters_Batch.git
reemapal@reemapal-VirtualBox:~/Intern_Batch$ git push -u origin master

Username for 'https://github.com': Password for 'https://github.com': 
remote: No anonymous write access.
fatal: Authentication failed for 'https://github.com/reemapal/Feb_Inters_Batch.git/'
reemapal@reemapal-VirtualBox:~/Intern_Batch$ git remote set-url origin https://github.com/reemapal/Feb_Inters_Batch.git
reemapal@reemapal-VirtualBox:~/Intern_Batch$ git push -u origin master
Username for 'https://github.com': reema.pal@fosteringlinux.com
Password for 'https://reema.pal@fosteringlinux.com@github.com': 
remote: Support for password authentication was removed on August 13, 2021. Please use a personal access token instead.
remote: Please see https://github.blog/2020-12-15-token-authentication-requirements-for-git-operations/ for more information.
fatal: Authentication failed for 'https://github.com/reemapal/Feb_Inters_Batch.git/'
reemapal@reemapal-VirtualBox:~/Intern_Batch$ git push -u origin master
Username for 'https://github.com': reema.pal@fosteringlinux.com
Password for 'https://reema.pal@fosteringlinux.com@github.com': 
remote: Support for password authentication was removed on August 13, 2021. Please use a personal access token instead.
remote: Please see https://github.blog/2020-12-15-token-authentication-requirements-for-git-operations/ for more information.
fatal: Authentication failed for 'https://github.com/reemapal/Feb_Inters_Batch.git/'
reemapal@reemapal-VirtualBox:~/Intern_Batch$ git config --global user.name "reemapal"
reemapal@reemapal-VirtualBox:~/Intern_Batch$ git config --global user.email "reema.pal@fosteringlinux.com"
reemapal@reemapal-VirtualBox:~/Intern_Batch$ git config -l
user.email=reema.pal@fosteringlinux.com
user.name=reemapal
core.repositoryformatversion=0
core.filemode=true
core.bare=false
core.logallrefupdates=true
remote.origin.url=https://github.com/reemapal/Feb_Inters_Batch.git
remote.origin.fetch=+refs/heads/*:refs/remotes/origin/*
reemapal@reemapal-VirtualBox:~/Intern_Batch$ git push -u origin master
Username for 'https://github.com': reema.pal@fosteringlinux.com
Password for 'https://reema.pal@fosteringlinux.com@github.com': 
remote: Support for password authentication was removed on August 13, 2021. Please use a personal access token instead.
remote: Please see https://github.blog/2020-12-15-token-authentication-requirements-for-git-operations/ for more information.
fatal: Authentication failed for 'https://github.com/reemapal/Feb_Inters_Batch.git/'
reemapal@reemapal-VirtualBox:~/Intern_Batch$ git push -u origin master
Username for 'https://github.com': reema.pal@fosteringlinux.com
Password for 'https://reema.pal@fosteringlinux.com@github.com': 
Enumerating objects: 3, done.
Counting objects: 100% (3/3), done.
Writing objects: 100% (3/3), 229 bytes | 16.00 KiB/s, done.
Total 3 (delta 0), reused 0 (delta 0)
To https://github.com/reemapal/Feb_Inters_Batch.git
 * [new branch]      master -> master
Branch 'master' set up to track remote branch 'master' from 'origin'.

